../Core/Inc/usercode.h:14:6:inicializar	8	static
../Core/Inc/usercode.h:20:6:userRTOS	8	static
../Core/Inc/usercode.h:33:6:moldeTela	8	static
../Core/Inc/usercode.h:38:6:baseTela	24	static
../Core/Inc/usercode.h:54:6:HAL_GPIO_EXTI_Callback	16	static
../Core/Src/main.c:77:5:main	8	static
../Core/Src/main.c:158:6:SystemClock_Config	88	static
../Core/Src/main.c:204:13:MX_SPI1_Init	8	static
../Core/Src/main.c:240:13:MX_DMA_Init	16	static
../Core/Src/main.c:258:13:MX_GPIO_Init	40	static
../Core/Src/main.c:310:6:StartDefaultTask	16	static
../Core/Src/main.c:329:6:HAL_TIM_PeriodElapsedCallback	16	static
../Core/Src/main.c:346:6:Error_Handler	4	static,ignoring_inline_asm
