../Core/Inc/usercode.h:9:6:userCode	8	static
../Core/Inc/usercode.h:22:6:moldeTela	16	static
../Core/Inc/usercode.h:38:6:HAL_GPIO_EXTI_Callback	16	static
../Core/Src/main.c:77:5:main	8	static
../Core/Src/main.c:157:6:SystemClock_Config	88	static
../Core/Src/main.c:203:13:MX_SPI1_Init	8	static
../Core/Src/main.c:239:13:MX_DMA_Init	16	static
../Core/Src/main.c:257:13:MX_GPIO_Init	40	static
../Core/Src/main.c:309:6:StartDefaultTask	16	static
../Core/Src/main.c:328:6:HAL_TIM_PeriodElapsedCallback	16	static
../Core/Src/main.c:345:6:Error_Handler	4	static,ignoring_inline_asm
